Date and time = 03/12/2019 12:25:13

Browser version: chrome 78.0.3904.108
Tester Name : Arindam Halder
Back End loading time: 2187
Front End loading time: 5594
Url after posting the event: https://www.atg.party/view-article/Arindams%20Party-31671

 ===========================================================


Date and time = 03/12/2019 12:29:06

Browser version: chrome 78.0.3904.108
Tester Name : Arindam Halder
Back End loading time: 2531
Front End loading time: 7432
Url after posting the event: https://www.atg.party/view-article/Arindams%20Party-31672

 ===========================================================


Date and time = 03/12/2019 14:54:25

Browser version: chrome 78.0.3904.108
Tester Name : Arindam Halder
Back End loading time: 989
Front End loading time: 4952
Url after posting the event: https://www.atg.party/view-article/Arindams%20Party-31609

 ===========================================================


